[
  {
    "team_id": 2,
    "timestamp": "2025-02-15"
  },
  {
    "team_id": 2,
    "timestamp": "2025-02-16"
  },
  {
    "team_id": 3,
    "timestamp": "2025-02-15"
  },
  {
    "team_id": 3,
    "timestamp": "2025-02-16"
  }
]