[
  {
    "team_id": 2
  },
  {
    "team_id": 3
  }
]