[
  {
    "timestamp": "2025-02-15"
  },
  {
    "timestamp": "2025-02-14"
  }
]